// Jest Snapshot v1, https://goo.gl/fbAQLP

exports[`Tests PasswordResetConfirmContainer Test mounting of component 1`] = `
<Router
  history={
    Object {
      "action": "POP",
      "block": [Function],
      "createHref": [Function],
      "go": [Function],
      "goBack": [Function],
      "goForward": [Function],
      "length": 1,
      "listen": [Function],
      "location": Object {
        "hash": "",
        "pathname": "/",
        "search": "",
        "state": undefined,
      },
      "push": [Function],
      "replace": [Function],
    }
  }
>
  <Provider
    store={
      Object {
        "clearActions": [Function],
        "dispatch": [Function],
        "getActions": [Function],
        "getState": [Function],
        "replaceReducer": [Function],
        "subscribe": [Function],
      }
    }
  >
    <Connect(PasswordResetConfirm)
      history={
        Object {
          "push": [MockFunction],
        }
      }
      match={
        Object {
          "params": Object {
            "token": "tcvygbuhijn6789",
          },
        }
      }
      showModal={[MockFunction]}
    >
      <PasswordResetConfirm
        confirmPasswordResetAction={[Function]}
        errors={Object {}}
        history={
          Object {
            "push": [MockFunction],
          }
        }
        match={
          Object {
            "params": Object {
              "token": "tcvygbuhijn6789",
            },
          }
        }
        message={Object {}}
        showModal={[MockFunction]}
      >
        <div>
          <Container
            className="reset"
            fluid={false}
          >
            <div
              className="reset container"
            >
              <div>
                <h1
                  className="resetmessage"
                >
                  Create your new password.
                </h1>
                <p>
                  Password must include at least 8 characters including at least 1 number, 1 special character,
                  <br />
                  and atleast two uppercase letters.
                </p>
                <br />
              </div>
              <Form
                inline={false}
                onSubmit={[Function]}
              >
                <form
                  className=""
                  onSubmit={[Function]}
                >
                  <FormControl
                    className="confirm-input passwordStyle"
                    id="password"
                    name="password"
                    onChange={[Function]}
                    placeholder="Enter your new password"
                    required={true}
                    type="password"
                  >
                    <input
                      className="confirm-input passwordStyle form-control"
                      id="password"
                      name="password"
                      onChange={[Function]}
                      placeholder="Enter your new password"
                      required={true}
                      type="password"
                    />
                  </FormControl>
                  <FormControl
                    className="confirm-input passwordStyle"
                    id="password_confirm"
                    name="password_confirm"
                    onChange={[Function]}
                    placeholder="Confirm your new password"
                    required={true}
                    type="password"
                  >
                    <input
                      className="confirm-input passwordStyle form-control"
                      id="password_confirm"
                      name="password_confirm"
                      onChange={[Function]}
                      placeholder="Confirm your new password"
                      required={true}
                      type="password"
                    />
                  </FormControl>
                  <div
                    className="reset-buttons"
                  >
                    <Button
                      active={false}
                      className="reset-buttons"
                      disabled={true}
                      type="submit"
                      variant="primary"
                    >
                      <button
                        className="reset-buttons btn btn-primary"
                        disabled={true}
                        type="submit"
                      >
                        Submit
                      </button>
                    </Button>
                  </div>
                </form>
              </Form>
            </div>
          </Container>
        </div>
      </PasswordResetConfirm>
    </Connect(PasswordResetConfirm)>
  </Provider>
</Router>
`;
