// Jest Snapshot v1, https://goo.gl/fbAQLP

exports[`Tests CommentsReplyComponent tests mounting of component 1`] = `
<Router
  history={
    Object {
      "action": "POP",
      "block": [Function],
      "createHref": [Function],
      "go": [Function],
      "goBack": [Function],
      "goForward": [Function],
      "length": 1,
      "listen": [Function],
      "location": Object {
        "hash": "",
        "pathname": "/",
        "search": "",
        "state": undefined,
      },
      "push": [Function],
      "replace": [Function],
    }
  }
>
  <CreateReply
    replySubmit={[MockFunction]}
    replyWrite={[MockFunction]}
    value=""
  >
    <Form
      inline={false}
      onSubmit={[MockFunction]}
    >
      <form
        className=""
        onSubmit={[MockFunction]}
      >
        <Bootstrap(Row)>
          <Row
            bsPrefix="row"
            noGutters={false}
          >
            <div
              className="row"
            >
              <Col>
                <div
                  className="col"
                >
                  <FormControl
                    className="input-width"
                    name="body"
                    onChange={[MockFunction]}
                    placeholder="Leave a reply"
                    required={true}
                    value=""
                  >
                    <input
                      className="input-width form-control"
                      name="body"
                      onChange={[MockFunction]}
                      placeholder="Leave a reply"
                      required={true}
                      value=""
                    />
                  </FormControl>
                </div>
              </Col>
              <Col
                lg="2"
                xs={true}
              >
                <div
                  className="col-lg-2 col"
                >
                  <Button
                    active={false}
                    disabled={false}
                    type="submit"
                    variant="primary"
                  >
                    <button
                      className="btn btn-primary"
                      disabled={false}
                      type="submit"
                    >
                      Send
                    </button>
                  </Button>
                </div>
              </Col>
            </div>
          </Row>
        </Bootstrap(Row)>
      </form>
    </Form>
  </CreateReply>
</Router>
`;
