// Jest Snapshot v1, https://goo.gl/fbAQLP

exports[`Tests CreateCommentsComponent tests mounting of component 1`] = `
<Router
  history={
    Object {
      "action": "POP",
      "block": [Function],
      "createHref": [Function],
      "go": [Function],
      "goBack": [Function],
      "goForward": [Function],
      "length": 1,
      "listen": [Function],
      "location": Object {
        "hash": "",
        "pathname": "/",
        "search": "",
        "state": undefined,
      },
      "push": [Function],
      "replace": [Function],
    }
  }
>
  <CreateComment
    onChange={[MockFunction]}
    onSubmit={[MockFunction]}
    value=""
  >
    <div
      className="mb-5"
    >
      <h3>
        Leave your comment
      </h3>
      <form
        className="form-horizontal"
        onSubmit={[MockFunction]}
      >
        <div
          className="form-group"
        >
          <textarea
            className="form-control"
            name="body"
            onChange={[MockFunction]}
            placeholder="Leave your thoughts on this article here"
            required={true}
            rows="6"
            value=""
          />
        </div>
        <div
          className="form-item"
        >
          <div
            className=""
          >
            <Button
              active={false}
              disabled={false}
              type="submit"
              variant="primary"
            >
              <button
                className="btn btn-primary"
                disabled={false}
                type="submit"
              >
                ADD COMMENT
              </button>
            </Button>
          </div>
        </div>
      </form>
      <hr />
    </div>
  </CreateComment>
</Router>
`;
