// Jest Snapshot v1, https://goo.gl/fbAQLP

exports[`Testing the file with all the buttons Test successful mount of the component 1`] = `ReactWrapper {}`;
