// Jest Snapshot v1, https://goo.gl/fbAQLP

exports[`Test for the twitter button component Test the mounting of the facebook button 1`] = `ReactWrapper {}`;
