// Jest Snapshot v1, https://goo.gl/fbAQLP

exports[`Test profile article feed test article feed  1`] = `ReactWrapper {}`;
