// Jest Snapshot v1, https://goo.gl/fbAQLP

exports[`Test view profile container test view profile container snapshot 1`] = `
<Provider
  store={
    Object {
      "clearActions": [Function],
      "dispatch": [Function],
      "getActions": [Function],
      "getState": [Function],
      "replaceReducer": [Function],
      "subscribe": [Function],
    }
  }
>
  <BrowserRouter>
    <Router
      history={
        Object {
          "action": "POP",
          "block": [Function],
          "createHref": [Function],
          "go": [Function],
          "goBack": [Function],
          "goForward": [Function],
          "length": 1,
          "listen": [Function],
          "location": Object {
            "hash": "",
            "pathname": "/",
            "search": "",
            "state": undefined,
          },
          "push": [Function],
          "replace": [Function],
        }
      }
    >
      <Connect(ViewProfile)>
        <ViewProfile
          data={
            Object {
              "count": 0,
              "data": Array [
                Object {
                  "bio": "",
                  "created_at": "2019-05-30 11:52:18",
                  "first_name": "",
                  "following": true,
                  "img_url": "https://res.cloudinary.com/grean/image/upload/v1560448760/57028948_10161507756365548_4757796820107657216_o_dtnz3g",
                  "last_name": "",
                  "updated_at": "2019-06-13 17:59:21",
                  "username": "slim",
                },
              ],
              "errors": Object {},
            }
          }
          editProfile={[Function]}
          fetchProfile={[Function]}
          profile={Object {}}
          userFollowersAction={[Function]}
          userFollowingAction={[Function]}
          users={
            Object {
              "error": Object {},
              "userCount": 0,
              "users": Array [
                Object {
                  "bio": "",
                  "created_at": "2019-05-30 11:52:18",
                  "first_name": "",
                  "following": true,
                  "img_url": "https://res.cloudinary.com/grean/image/upload/v1560448760/57028948_10161507756365548_4757796820107657216_o_dtnz3g",
                  "last_name": "",
                  "updated_at": "2019-06-13 17:59:21",
                  "username": "slim",
                },
              ],
            }
          }
        >
          <ProfileView
            bio=""
            firstName=""
            followers={0}
            following={0}
            image=""
            lastName=""
            username=""
          >
            <div>
              <Container
                className="profile"
                fluid={false}
              >
                <div
                  className="profile container"
                >
                  <div
                    className="container-fluid"
                  >
                    <div
                      className="container"
                    >
                      <div
                        className="card profile-card"
                      >
                        <div
                          className="centered"
                        >
                          <div
                            className="float-left profile-avatar"
                          >
                            <img
                              alt="Avatar"
                              className="prof-avatar"
                              src="test-file-stub"
                            />
                          </div>
                        </div>
                        <h4>
                          @
                          username [ ]
                        </h4>
                        <p>
                          This is my biography
                        </p>
                      </div>
                    </div>
                    <ul
                      className="nav nav-tabs"
                    >
                      <li
                        className="nav-item"
                      >
                        <a
                          className="nav-link active"
                          data-toggle="tab"
                          href="#home"
                        >
                          <b>
                             3 
                          </b>
                          Articles
                        </a>
                      </li>
                      <li
                        className="nav-item"
                      >
                        <a
                          className="nav-link"
                          data-toggle="tab"
                          href="#profile"
                        >
                          Edit Profile
                        </a>
                      </li>
                      <li
                        className="nav-item"
                      >
                        <a
                          className="nav-link"
                          data-toggle="tab"
                          href="#followers"
                        >
                          <b>
                            0 
                          </b>
                          Followers
                        </a>
                      </li>
                      <li
                        className="nav-item"
                      >
                        <a
                          className="nav-link"
                          data-toggle="tab"
                          href="#following"
                        >
                          <b>
                            0 
                          </b>
                          Following
                        </a>
                      </li>
                    </ul>
                    <div
                      className="tab-content profile-content-articles"
                      id="myTabContent"
                    >
                      <div
                        className="tab-pane fade active show"
                        id="home"
                      >
                        <div
                          className="row"
                        >
                          <div
                            className="col"
                          >
                            <div
                              className="card"
                            >
                              <img
                                alt="article"
                                className="card-img-top"
                                src="https://mdbootstrap.com/img/Photos/Others/images/43.jpg"
                              />
                              <div
                                className="card-body"
                              >
                                <h4
                                  className="card-title"
                                >
                                  <a
                                    href="#card"
                                  >
                                    Article title
                                  </a>
                                </h4>
                                <p
                                  className="card-text"
                                >
                                  Once Leonidas realizes he will be surrounded, he sends away the Greek allies to alert the cities to the south. Being too few to hold the pass, the Spartans instead attack the Persian front, where Xerxes is nearby.
                                </p>
                                <a
                                  className="btn btn-primary"
                                  href="#view"
                                >
                                  View
                                </a>
                              </div>
                            </div>
                          </div>
                          <div
                            className="col"
                          >
                            <div
                              className="card"
                            >
                              <img
                                alt="article"
                                className="card-img-top"
                                src="https://mdbootstrap.com/img/Photos/Others/images/43.jpg"
                              />
                              <div
                                className="card-body"
                              >
                                <h4
                                  className="card-title"
                                >
                                  <a
                                    href="#card"
                                  >
                                    Article title
                                  </a>
                                </h4>
                                <p
                                  className="card-text"
                                >
                                  Once Leonidas realizes he will be surrounded, he sends away the Greek allies to alert the cities to the south. Being too few to hold the pass, the Spartans instead attack the Persian front, where Xerxes is nearby.
                                </p>
                                <a
                                  className="btn btn-primary"
                                  href="#view"
                                >
                                  View
                                </a>
                              </div>
                            </div>
                          </div>
                          <div
                            className="col"
                          >
                            <div
                              className="card"
                            >
                              <img
                                alt="article"
                                className="card-img-top"
                                src="https://mdbootstrap.com/img/Photos/Others/images/43.jpg"
                              />
                              <div
                                className="card-body"
                              >
                                <h4
                                  className="card-title"
                                >
                                  <a
                                    href="#card"
                                  >
                                    Article title
                                  </a>
                                </h4>
                                <p
                                  className="card-text"
                                >
                                  Once Leonidas realizes he will be surrounded, he sends away the Greek allies to alert the cities to the south. Being too few to hold the pass, the Spartans instead attack the Persian front, where Xerxes is nearby.
                                </p>
                                <a
                                  className="btn btn-primary"
                                  href="#view"
                                >
                                  View
                                </a>
                              </div>
                            </div>
                          </div>
                        </div>
                      </div>
                      <div
                        className="tab-pane fade"
                        id="profile"
                      >
                        <Connect(ProfileContainer)>
                          <ProfileContainer
                            editProfile={[Function]}
                            profile={Object {}}
                          >
                            <div
                              className="container profile-form"
                            >
                              <ProfileForm
                                handleChangeProfile={[Function]}
                                handleFileUpload={[Function]}
                                handleSubmit={[Function]}
                              >
                                <div>
                                  <form
                                    onSubmit={[Function]}
                                  >
                                    <div
                                      className="form-group"
                                    >
                                      <label
                                        htmlFor="firstname"
                                      >
                                        First name
                                        <br />
                                        <input
                                          className="form-control"
                                          name="first_name"
                                          onChange={[Function]}
                                          type="text"
                                        />
                                      </label>
                                    </div>
                                    <div
                                      className="form-group"
                                    >
                                      <label
                                        htmlFor="lastname"
                                      >
                                        Last name
                                        <br />
                                        <input
                                          className="form-control"
                                          name="last_name"
                                          onChange={[Function]}
                                          type="text"
                                        />
                                      </label>
                                    </div>
                                    <div
                                      className="form-group"
                                    >
                                      <label
                                        htmlFor="bio"
                                      >
                                        Bio
                                        <br />
                                        <textarea
                                          className="form-control"
                                          name="bio"
                                          onChange={[Function]}
                                        />
                                      </label>
                                    </div>
                                    <div
                                      className="btn-group mr-2"
                                      role="group"
                                    >
                                      <button
                                        className="btn btn-primary"
                                        id="save"
                                        type="submit"
                                      >
                                        Save
                                      </button>
                                    </div>
                                    <div
                                      className="btn-group"
                                      role="group"
                                    >
                                      <button
                                        className="btn btn-primary"
                                        onClick={[Function]}
                                        type="submit"
                                      >
                                        Upload Photo
                                      </button>
                                    </div>
                                  </form>
                                </div>
                              </ProfileForm>
                            </div>
                          </ProfileContainer>
                        </Connect(ProfileContainer)>
                      </div>
                      <div
                        className="tab-pane fade"
                        id="following"
                      >
                        <Connect(FollowingContainer)>
                          <FollowingContainer
                            data={
                              Object {
                                "count": 0,
                                "data": Array [
                                  Object {
                                    "bio": "",
                                    "created_at": "2019-05-30 11:52:18",
                                    "first_name": "",
                                    "following": true,
                                    "img_url": "https://res.cloudinary.com/grean/image/upload/v1560448760/57028948_10161507756365548_4757796820107657216_o_dtnz3g",
                                    "last_name": "",
                                    "updated_at": "2019-06-13 17:59:21",
                                    "username": "slim",
                                  },
                                ],
                                "errors": Object {},
                              }
                            }
                            userFollowingAction={[Function]}
                          >
                            <div>
                              <Following
                                bio=""
                                created_at="2019-05-30 11:52:18"
                                first_name=""
                                following={true}
                                img_url="https://res.cloudinary.com/grean/image/upload/v1560448760/57028948_10161507756365548_4757796820107657216_o_dtnz3g"
                                key="slim"
                                last_name=""
                                updated_at="2019-06-13 17:59:21"
                                username="slim"
                              >
                                <div>
                                  <div
                                    className="user-card"
                                  >
                                    <div
                                      className="follow-card list-card"
                                    >
                                      <img
                                        alt="Profile pic"
                                        className="user-avatar float-left"
                                        src="test-file-stub"
                                      />
                                      <div
                                        className="user-data"
                                      >
                                        <h6>
                                          <Link
                                            to="/profile/slim"
                                          >
                                            <a
                                              href="/profile/slim"
                                              onClick={[Function]}
                                            >
                                              slim
                                            </a>
                                          </Link>
                                        </h6>
                                        <p />
                                      </div>
                                    </div>
                                    <hr />
                                  </div>
                                </div>
                              </Following>
                            </div>
                          </FollowingContainer>
                        </Connect(FollowingContainer)>
                      </div>
                      <div
                        className="tab-pane fade"
                        id="followers"
                      >
                        <Connect(FollowersContainer)>
                          <FollowersContainer
                            userFollowersAction={[Function]}
                            users={
                              Object {
                                "error": Object {},
                                "userCount": 0,
                                "users": Array [
                                  Object {
                                    "bio": "",
                                    "created_at": "2019-05-30 11:52:18",
                                    "first_name": "",
                                    "following": true,
                                    "img_url": "https://res.cloudinary.com/grean/image/upload/v1560448760/57028948_10161507756365548_4757796820107657216_o_dtnz3g",
                                    "last_name": "",
                                    "updated_at": "2019-06-13 17:59:21",
                                    "username": "slim",
                                  },
                                ],
                              }
                            }
                          >
                            <div>
                              <Followers
                                bio=""
                                created_at="2019-05-30 11:52:18"
                                first_name=""
                                following={true}
                                img_url="https://res.cloudinary.com/grean/image/upload/v1560448760/57028948_10161507756365548_4757796820107657216_o_dtnz3g"
                                key="slim"
                                last_name=""
                                updated_at="2019-06-13 17:59:21"
                                username="slim"
                              >
                                <div>
                                  <div
                                    className="user-card"
                                  >
                                    <div
                                      className="follow-card list-card"
                                    >
                                      <img
                                        alt="Profile pic"
                                        className="user-avatar float-left"
                                        src="https://res.cloudinary.com/grean/image/upload/v1560448760/57028948_10161507756365548_4757796820107657216_o_dtnz3g"
                                      />
                                      <div
                                        className="user-data"
                                      >
                                        <h6>
                                          <Link
                                            to="/profile/slim"
                                          >
                                            <a
                                              href="/profile/slim"
                                              onClick={[Function]}
                                            >
                                              slim
                                            </a>
                                          </Link>
                                        </h6>
                                        <p />
                                      </div>
                                    </div>
                                    <hr />
                                  </div>
                                </div>
                              </Followers>
                            </div>
                          </FollowersContainer>
                        </Connect(FollowersContainer)>
                      </div>
                    </div>
                  </div>
                </div>
              </Container>
              <Footer>
                <footer
                  className="bg-light text-dark mt-4 fixed-bottom"
                >
                  <div
                    className="container-fluid py-2"
                  >
                    <div
                      className="row"
                    >
                      <div
                        className="col"
                      >
                        <span
                          className="small"
                        >
                          <br />
                          <Link
                            to="#null"
                          >
                            <a
                              href="/#null"
                              onClick={[Function]}
                            >
                              Terms and Conditions
                            </a>
                          </Link>
                        </span>
                      </div>
                      <div
                        className="col text-center"
                      >
                        <br />
                        Authors Haven
                         
                      </div>
                      <div
                        className="col text-right small align-self-end"
                      >
                        Copyright ©
                         
                        2019
                         
                        Immortals
                      </div>
                    </div>
                  </div>
                </footer>
              </Footer>
            </div>
          </ProfileView>
        </ViewProfile>
      </Connect(ViewProfile)>
    </Router>
  </BrowserRouter>
</Provider>
`;
